00023A|LA BOISSE AP|Mo,Th 09:00-12:00,14:45-17:45; Tu,Fr 09:00-12:00,14:45-17:00; We 09:00-12:00; week 01-53/2 Sa 09:00-12:00; week 02-53/2 Sa off; 2020 week 02-53/2 Sa 09:00-12:00; 2020 week 01-53/2 Sa off; Su,PH off
