Parsed 1805 lines
00240A|CHAVIGNON AP|Mo-Fr 08:30-11:30; Sa-Su,PH off
05389A|VILLENEUVE LES AVIGNON PASTEUR|Mo,We-Fr 09:00-12:30,13:30-17:30; Tu 09:00-11:30,14:00-17:30; Sa 09:00-12:00; Su,PH off
05410A|VILLENEUVE LES AVIGNON JAURES BP|Mo,We-Fr 09:00-12:00,14:00-16:30; Tu 09:00-11:30,14:00-16:30; Sa-Su,PH off
05431A|AVIGNONET LAURAGAIS BP|Mo-Sa 09:30-12:00; Su,PH off
07505A|SAINT CLAUDE AVIGNONNETS AP|Mo 13:30-17:30; Tu-Fr 09:00-12:00,13:30-17:30; Sa-Su,PH off
14177D|AVIGNON REPUBLIQUE MIGNARD RP|Mo-Sa 07:00-22:00; Su 09:00-22:00; PH off
14268D|AVIGNON PORTAIL MATHERON RP|Mo-Sa 08:30-20:00; Su 09:00-13:00,16:00-20:00; PH off
15830A|AVIGNON REPUBLIQUE|Mo,We-Fr 08:30-12:30,13:30-18:00; Tu 08:30-12:30,14:00-18:00; Sa 09:15-12:00; Su,PH off
15846A|CABRIERES D AVIGNON BP|Mo-Th 09:15-11:45; Fr 09:00-12:30; 2020 Fr 09:15-11:45; Sa 09:00-11:00; Su,PH off
15854A|AVIGNON SAINT RUF BP|Mo,We-Fr 08:30-12:00,13:30-17:00; Tu 08:30-12:00,14:15-17:00; Sa 09:00-12:00; Su,PH off
15861A|AVIGNON ST CHAMAND AP|Mo-Fr 08:30-12:00,13:30-17:00; Sa-Su,PH off
15865A|AVIGNON BARONCELLI RP|Mo-Su,PH off
15868A|AVIGNON SAINT JEAN BP|Mo-Th 09:00-12:00,13:30-17:00; Fr 09:30-12:00,13:30-17:00; Sa 09:00-12:00; Su,PH off
15896A|MORIERES LES AVIGNON BP|Mo,We-Fr 08:30-12:00,14:00-16:30; Tu 08:30-11:45,14:15-16:30; Sa 09:00-12:00; Su,PH off
15925A|SAINT SATURNIN LES AVIGNON BP|Mo-Tu,Th-Fr 09:00-12:00,14:00-16:30; We,Sa 09:00-12:00; Su,PH off
15959A|AVIGNON PLACE PIE BP|Mo,We-Fr 09:00-12:00,14:00-17:00; Tu 09:00-12:00,14:15-17:00; Sa-Su,PH off
15966A|AVIGNON LES OLIVADES|Mo,We-Fr 08:30-12:00,13:30-18:00; Tu 08:30-12:00,14:00-18:00; Sa 09:00-12:00; Su,PH off
15967A|AVIGNON BP 1 BP|Mo,We-Fr 10:00-12:00,14:00-18:00; Tu 10:00-11:45,14:15-18:00; Sa 09:30-12:00; Su,PH off
15968A|AVIGNON PONT DES DEUX EAUX|Mo-Th 08:30-12:00,13:30-17:30; Fr 09:15-12:00,13:30-17:30; Sa 09:00-12:00; Su,PH off
