Parsed 950 lines
00023A|LA BOISSE AP|Mo,Th 09:00-12:00,14:45-17:45; Tu,Fr 09:00-12:00,14:45-17:00; We 09:00-12:00; Saweek 01-53/2 09:00-12:00; Saweek 02-53/2 off; 2020 week 02-53/2 Sa 09:00-12:00; 2020 week 01-53/2 Sa off; Su,PH off
01774A|BOISSE PENCHOT AP|Mo-Fr 10:00-12:00; Sa-Su,PH off
02406A|BOISSET AP|Mo-Tu,Th-Sa 09:00-12:00; We,Su,PH off
04676A|BOISSEY LE CHATEL BP|Mo 09:30-11:45; Tu-Fr 09:30-12:00; Sa-Su,PH off
05212A|BOISSET ET GAUJAC BP|Mo 13:30-16:30; Tu 09:00-11:30,13:30-15:45; We 09:00-11:30; Th-Fr 09:00-11:30,13:30-16:00; Sa-Su,PH off
06173A|BOISSERON AP|Mo-Sa 08:30-12:00; Sa[-1] off; Su,PH off
11988A|BOISSEJOUR AP|Mo-Fr 09:00-12:00; Sa-Su,PH off
14815D|BOISSEUIL LPA AP|Mo-Fr 08:30-10:30,15:00-18:00; Sa-Su,PH off
15413A|BOISSEZON AP|Mo,Su,PH off; Tu-Fr 08:30-11:15; Sa 08:30-09:30
20365B|BOISSET LES PREVANCHES RP|Mo-Tu,Th-Fr 06:00-20:00; We,PH off; Sa 07:00-20:00; Su 08:00-20:00
