00026A|BREGNIER CORDON BP|Mo-Fr 09:00-12:00; PH off
08858A|FOURNELS BP|PH off; 2020 Oct 26-30 09:00-12:00
14775D|FOURNELS LPAC AP|Mo,We-Fr 08:40-11:50; Tu 15:10-18:20; PH off; 2020 Oct 26-30,2020 Nov 02 off
15204A|NIORT SOUCHE|closed
