10364A|HERNY AP|Mo-Tu,Th-Fr 10:00-12:00; Mo[3],Tu[3] off; Sa 09:00-11:00; PH off; 2021 Apr 02 off
