00153A|ST MAURICE DE REMENS AP|Mo,Su,PH off; Tu-Th 08:30-11:30; Fr 14:00-17:30; Sa 08:30-12:00; Sa[1] off
