06173A|BOISSERON AP|Mo-Sa 08:30-12:00; Sa[-1] off
