10293A|LE BAN SAINT MARTIN RP|Mo-Fr 06:15-12:15,14:15-19:00; Sa 07:00-12:15,14:15-19:00; PH off; 2020 Dec 14-19,21-24 07:00-12:00,14:00-18:15; 2020 Dec 26 off
