12356D|MARSEILLE POINTE ROUGE RP|Mo-Sa,PH 08:00-21:00; Su 09:00-13:00
