12504D|RPU AUCHAN SARROLA RP|Mo 08:00-21:00; Tu-Sa 08:30-21:00; Su 08:30-13:00; PH off; 2021 Aug 15 08:00-13:00; 2021 Jul 14 08:00-19:00; 2021 May 24 08:00-21:00
