14118D|NANTES CATHEDRALE RP|Tu 08:00-12:30,14:30-19:00; We-Fr 08:00-12:30,14:00-19:00; Sa 09:30-12:30; PH off; 2022 May 26 08:00-12:30,14:00-19:00
