00817A|ISOLA AP|Mo-Fr 08:00-12:00,13:30-16:00; 2021 Jan Mo-Fr 08:30-12:00,13:30-16:00; PH off
