00049A|BOURG EN BRESSE FONTAINE BERNARD BP|Tu-Fr 09:00-12:30,13:30-17:30; Sa 09:00-12:30; PH off; 2021 Aug 25 09:00-12:30; 2021 Aug 28 off
