00995A|VALLEES D ANTRAIGUES-ASPERJOC AP|Mo,We-Fr 08:00-12:00; Tu 08:00-12:00,13:30-16:30; week 02-53/2 Sa 08:00-12:00; PH off; 2021 May 08 08:00-12:00; 2021 Apr 19 off
