00693A|CHORGES BP|Mo-Tu,Th-Fr 09:00-12:00,13:30-16:00; 2020 Nov 17 Tu 13:30-16:00; 2020 Nov 24 Tu 09:00-12:00; We,Sa 09:00-12:00; PH off
