00045A|CHATILLON LA PALUD AP|Mo,Th 14:00-18:00; Tu,Fr-Sa 09:00-12:00; PH off; 2020 Dec 24,2020 Dec 31,2020 Dec 26,2021 Jan 02 off
