00285A|LEHAUCOURT AP|Mo-Tu,Th 13:30-16:30; We 08:30-11:30; Fr 15:00-18:00; PH off; 2021 Jan 01 15:00-18:00
