14993A|NEZEL AP|Mo,Sa 09:00-12:00; 2020 Mo,Sa 09:00-12:30; Tu 15:00-18:30; 2020 Tu 15:00-17:30; Th 15:00-17:30; PH off
