17746A|LE ROBERT VERT PRE BP|Mo-Fr 07:30-12:15; Sa 07:30-11:30; PH off; 2020 Dec 28-31 07:30-12:00; 2021 Jan 02,09,Feb 15-17 off
