17781A|APATOU BP|Mo-We,Fr 07:15-13:30; Th 09:00-13:30; Sa 08:00-12:00; PH off; 2020 Dec 24,2020 Dec 31 09:00-12:00; 2020 Dec 19,2020 Dec 26,2021 Feb 15-17,2021 Mar 11 off
