88064A|BEC DE MORTAGNE AP|Mo,Th 08:00-11:30,14:00-16:00;Tu 08:00-11:30,14:00-17:00;week 01-53/2 We 08:00-12:00;2020 week 01-53/2 We off;2020 week 02-53/2 We 08:00-12:00;Fr 08:00-11:30,14:00-18:00;week 02-53/2 Sa 09:00-12:00;2020 week 02-53/2 Sa off;2020 week 01-53/2 Sa 09:00-12:00
